================================================================================
PDF Export Debug Test
================================================================================

Dieses Skript generiert ein Test-PDF mit Debugging-Logs.
Alle Logs mit [DEBUG] Pr├ñfix werden in der Konsole ausgegeben.

Test-Buch enth├ñlt:
- Rect mit Rough Theme
- Circle mit Rough Theme
- QnA Inline mit Ruled Lines
- QnA Inline mit Background Fill
- Shape mit h├Âherem Z-Index (Test f├╝r Z-Index-Sortierung)
- Page mit Image Background (wird fehlschlagen, zeigt aber Logs)
- Page mit Color Background (Opacity < 1)

================================================================================

[INFO] Starting PDF export...
[INFO] Looking for [DEBUG] logs below...
[INFO] Filter logs by searching for "[DEBUG" in the output

node : [1m[43m[30m
In Zeile:1 Zeichen:1
+ node scripts/test-pdf-debug.js 2>&1 > test-output.txt; Get-Content te ...
+ ~~~~~~~~~~~~~~~~~~~~~~~~~~~~~~~~~~~~~~~~~~~~~~~~~~~~~
    + CategoryInfo          : NotSpecified: ([1m[43m[30m:String) [], Remote 
   Exception
    + FullyQualifiedErrorId : NativeCommandError
 
  Puppeteer old Headless deprecation warning:[0m[33m
    In the near future `headless: true` will default to the new Headless mode
    for Chrome instead of the old Headless implementation. For more
    information, please see 
https://developer.chrome.com/articles/new-headless/.
    Consider opting in early by passing `headless: "new"` to 
`puppeteer.launch()`
    If you encounter any bugs, please report them to 
https://github.com/puppeteer/puppeteer/issues/new/choose.[0m

[PDFRendererService] Rendering page: {
  pageNumber: 1,
  elementsCount: 4,
  hasBackground: true,
  canvasSize: { width: 2480, height: 3508 },
  scale: 1
}
[PDFRendererService] Font stylesheets loaded
[PDFRendererService] Navigating to http://localhost:5000/pdf-renderer.html
[PDFRendererService] Bundle loaded successfully
[Browser Console] [PDFRenderer] About to render Stage
[Browser Console] [PDFRenderer] Component mounted, rendering with: JSHandle@object
[Browser Console] [PDFRenderer] Stage exposed globally, layers: 1
[Browser Console] [PDFRenderer] Manually created layer, stage now has 2 layers
[Browser Console] [PDFRenderer] About to render Stage
[Browser Console] [PDFRenderer] Stage exposed globally, layers: 1
[Browser Console] [PDFRenderer] Manually created layer, stage now has 2 layers
[Browser Console] [PDFRenderer] Rendering to manual layer
[Browser Console] [PDFRenderer] Rendering 4 elements
[Browser Console] [PDFRenderer] Rendered to manual layer, layer has 21 children
[Browser Console] [PDFRenderer] About to render Stage
[Browser Console] [PDFRendererService] Stage ready with 2 layers
[Browser Console] [PDFRendererService] Stage ready with 2 layers
[Browser Console] [PDFRendererService] Stage ready with 2 layers
[Browser Console] [PDFRendererService] Stage ready with 2 layers
[Browser Console] Access to image at 'https://example.com/test-background.jpg' from origin 'http://localhost:5000' has been blocked by CORS policy: No 'Access-Control-Allow-Origin' header is present on the requested resource.
[Browser Console] Failed to load resource: net::ERR_FAILED
[Browser Console] [PDFRenderer] Failed to load background image: https://example.com/test-background.jpg
[Browser Console] [PDFRendererService] Stage ready with 2 layers
[Browser Console] [PDFRendererService] Stage ready with 2 layers
[Browser Console] [PDFRendererService] Stage ready with 2 layers
[Browser Console] [PDFRendererService] Stage ready with 2 layers
[Browser Console] [PDFRendererService] Stage ready with 2 layers
[Browser Console] [PDFRendererService] Check 10: JSHandle@object
[Browser Console] [PDFRendererService] Stage ready with 2 layers
[PDFRendererService] Fonts loaded
[PDFRendererService] Images loaded
[PDFRendererService] Stage debug info: {
  "stageExists": true,
  "stageSize": {
    "width": 2480,
    "height": 3508
  },
  "layerCount": 2,
  "layers": [
    {
      "index": 0,
      "childrenCount": 0,
      "childrenTypes": [],
      "childrenDetails": [],
      "stageSize": {
        "width": 2480,
        "height": 3508
      },
      "layerSize": {
        "width": 2480,
        "height": 3508
      }
    },
    {
      "index": 1,
      "childrenCount": 21,
      "childrenTypes": [
        "Shape",
        "Shape",
        "Shape",
        "Shape",
        "Shape",
        "Shape",
        "Shape",
        "Shape",
        "Shape",
        "Shape"
      ],
      "childrenDetails": [
        {
          "type": "Shape",
          "x": 0,
          "y": 0,
          "width": 2480,
          "height": 3508,
          "visible": true
        },
        {
          "type": "Shape",
          "x": 50,
          "y": 250,
          "width": 400,
          "height": 300,
          "visible": true
        },
        {
          "type": "Shape",
          "x": 0,
          "y": 0,
          "width": 0,
          "height": 0,
          "visible": true
        },
        {
          "type": "Shape",
          "x": 0,
          "y": 0,
          "width": 0,
          "height": 0,
          "visible": true
        },
        {
          "type": "Shape",
          "x": 0,
          "y": 0,
          "width": 0,
          "height": 0,
          "visible": true
        }
      ],
      "stageSize": {
        "width": 2480,
        "height": 3508
      },
      "layerSize": {
        "width": 2480,
        "height": 3508
      }
    }
  ],
  "canvasElement": "exists",
  "reactContent": {
    "hasChildren": true,
    "childrenCount": 1,
    "innerHTMLLength": 617
  },
  "renderInitiated": true,
  "renderError": null
}
ÔòÉÔòÉÔòÉÔòÉÔòÉÔòÉÔòÉÔòÉÔòÉÔòÉÔòÉÔòÉÔòÉÔòÉÔòÉÔòÉÔòÉÔòÉÔòÉÔòÉÔòÉÔòÉÔòÉÔòÉÔòÉÔòÉÔòÉÔòÉÔòÉÔòÉÔòÉÔòÉÔòÉÔòÉÔòÉÔòÉÔòÉÔòÉÔòÉÔòÉÔòÉÔòÉÔòÉÔòÉÔòÉÔòÉÔòÉÔòÉÔòÉÔòÉÔòÉÔòÉÔòÉÔòÉÔòÉ
­ƒöì [DEBUG LOG] [DEBUG PDFRendererService] Waiting for renderComplete (attempt 10): JSHandle@object
ÔòÉÔòÉÔòÉÔòÉÔòÉÔòÉÔòÉÔòÉÔòÉÔòÉÔòÉÔòÉÔòÉÔòÉÔòÉÔòÉÔòÉÔòÉÔòÉÔòÉÔòÉÔòÉÔòÉÔòÉÔòÉÔòÉÔòÉÔòÉÔòÉÔòÉÔòÉÔòÉÔòÉÔòÉÔòÉÔòÉÔòÉÔòÉÔòÉÔòÉÔòÉÔòÉÔòÉÔòÉÔòÉÔòÉÔòÉÔòÉÔòÉÔòÉÔòÉÔòÉÔòÉÔòÉÔòÉ
ÔòÉÔòÉÔòÉÔòÉÔòÉÔòÉÔòÉÔòÉÔòÉÔòÉÔòÉÔòÉÔòÉÔòÉÔòÉÔòÉÔòÉÔòÉÔòÉÔòÉÔòÉÔòÉÔòÉÔòÉÔòÉÔòÉÔòÉÔòÉÔòÉÔòÉÔòÉÔòÉÔòÉÔòÉÔòÉÔòÉÔòÉÔòÉÔòÉÔòÉÔòÉÔòÉÔòÉÔòÉÔòÉÔòÉÔòÉÔòÉÔòÉÔòÉÔòÉÔòÉÔòÉÔòÉÔòÉ
­ƒöì [DEBUG LOG] [DEBUG PDFRendererService] Waiting for renderComplete (attempt 20): JSHandle@object
ÔòÉÔòÉÔòÉÔòÉÔòÉÔòÉÔòÉÔòÉÔòÉÔòÉÔòÉÔòÉÔòÉÔòÉÔòÉÔòÉÔòÉÔòÉÔòÉÔòÉÔòÉÔòÉÔòÉÔòÉÔòÉÔòÉÔòÉÔòÉÔòÉÔòÉÔòÉÔòÉÔòÉÔòÉÔòÉÔòÉÔòÉÔòÉÔòÉÔòÉÔòÉÔòÉÔòÉÔòÉÔòÉÔòÉÔòÉÔòÉÔòÉÔòÉÔòÉÔòÉÔòÉÔòÉÔòÉ
ÔòÉÔòÉÔòÉÔòÉÔòÉÔòÉÔòÉÔòÉÔòÉÔòÉÔòÉÔòÉÔòÉÔòÉÔòÉÔòÉÔòÉÔòÉÔòÉÔòÉÔòÉÔòÉÔòÉÔòÉÔòÉÔòÉÔòÉÔòÉÔòÉÔòÉÔòÉÔòÉÔòÉÔòÉÔòÉÔòÉÔòÉÔòÉÔòÉÔòÉÔòÉÔòÉÔòÉÔòÉÔòÉÔòÉÔòÉÔòÉÔòÉÔòÉÔòÉÔòÉÔòÉÔòÉÔòÉ
­ƒöì [DEBUG LOG] [DEBUG PDFRendererService] ÔÜá´©Å USING FALLBACK - Stage has content, proceeding: JSHandle@object
ÔòÉÔòÉÔòÉÔòÉÔòÉÔòÉÔòÉÔòÉÔòÉÔòÉÔòÉÔòÉÔòÉÔòÉÔòÉÔòÉÔòÉÔòÉÔòÉÔòÉÔòÉÔòÉÔòÉÔòÉÔòÉÔòÉÔòÉÔòÉÔòÉÔòÉÔòÉÔòÉÔòÉÔòÉÔòÉÔòÉÔòÉÔòÉÔòÉÔòÉÔòÉÔòÉÔòÉÔòÉÔòÉÔòÉÔòÉÔòÉÔòÉÔòÉÔòÉÔòÉÔòÉÔòÉÔòÉ
ÔòÉÔòÉÔòÉÔòÉÔòÉÔòÉÔòÉÔòÉÔòÉÔòÉÔòÉÔòÉÔòÉÔòÉÔòÉÔòÉÔòÉÔòÉÔòÉÔòÉÔòÉÔòÉÔòÉÔòÉÔòÉÔòÉÔòÉÔòÉÔòÉÔòÉÔòÉÔòÉÔòÉÔòÉÔòÉÔòÉÔòÉÔòÉÔòÉÔòÉÔòÉÔòÉÔòÉÔòÉÔòÉÔòÉÔòÉÔòÉÔòÉÔòÉÔòÉÔòÉÔòÉÔòÉÔòÉ
­ƒöì [DEBUG LOG] [DEBUG PDFRendererService] ÔÜá´©Å TAKING SCREENSHOT - Detailed Layer Info:
ÔòÉÔòÉÔòÉÔòÉÔòÉÔòÉÔòÉÔòÉÔòÉÔòÉÔòÉÔòÉÔòÉÔòÉÔòÉÔòÉÔòÉÔòÉÔòÉÔòÉÔòÉÔòÉÔòÉÔòÉÔòÉÔòÉÔòÉÔòÉÔòÉÔòÉÔòÉÔòÉÔòÉÔòÉÔòÉÔòÉÔòÉÔòÉÔòÉÔòÉÔòÉÔòÉÔòÉÔòÉÔòÉÔòÉÔòÉÔòÉÔòÉÔòÉÔòÉÔòÉÔòÉÔòÉÔòÉ
ÔòÉÔòÉÔòÉÔòÉÔòÉÔòÉÔòÉÔòÉÔòÉÔòÉÔòÉÔòÉÔòÉÔòÉÔòÉÔòÉÔòÉÔòÉÔòÉÔòÉÔòÉÔòÉÔòÉÔòÉÔòÉÔòÉÔòÉÔòÉÔòÉÔòÉÔòÉÔòÉÔòÉÔòÉÔòÉÔòÉÔòÉÔòÉÔòÉÔòÉÔòÉÔòÉÔòÉÔòÉÔòÉÔòÉÔòÉÔòÉÔòÉÔòÉÔòÉÔòÉÔòÉÔòÉÔòÉ
­ƒöì [DEBUG LOG] [DEBUG PDFRendererService] Layer 0: JSHandle@object
ÔòÉÔòÉÔòÉÔòÉÔòÉÔòÉÔòÉÔòÉÔòÉÔòÉÔòÉÔòÉÔòÉÔòÉÔòÉÔòÉÔòÉÔòÉÔòÉÔòÉÔòÉÔòÉÔòÉÔòÉÔòÉÔòÉÔòÉÔòÉÔòÉÔòÉÔòÉÔòÉÔòÉÔòÉÔòÉÔòÉÔòÉÔòÉÔòÉÔòÉÔòÉÔòÉÔòÉÔòÉÔòÉÔòÉÔòÉÔòÉÔòÉÔòÉÔòÉÔòÉÔòÉÔòÉÔòÉ
ÔòÉÔòÉÔòÉÔòÉÔòÉÔòÉÔòÉÔòÉÔòÉÔòÉÔòÉÔòÉÔòÉÔòÉÔòÉÔòÉÔòÉÔòÉÔòÉÔòÉÔòÉÔòÉÔòÉÔòÉÔòÉÔòÉÔòÉÔòÉÔòÉÔòÉÔòÉÔòÉÔòÉÔòÉÔòÉÔòÉÔòÉÔòÉÔòÉÔòÉÔòÉÔòÉÔòÉÔòÉÔòÉÔòÉÔòÉÔòÉÔòÉÔòÉÔòÉÔòÉÔòÉÔòÉÔòÉ
­ƒöì [DEBUG LOG] [DEBUG PDFRendererService] Layer 1: JSHandle@object
ÔòÉÔòÉÔòÉÔòÉÔòÉÔòÉÔòÉÔòÉÔòÉÔòÉÔòÉÔòÉÔòÉÔòÉÔòÉÔòÉÔòÉÔòÉÔòÉÔòÉÔòÉÔòÉÔòÉÔòÉÔòÉÔòÉÔòÉÔòÉÔòÉÔòÉÔòÉÔòÉÔòÉÔòÉÔòÉÔòÉÔòÉÔòÉÔòÉÔòÉÔòÉÔòÉÔòÉÔòÉÔòÉÔòÉÔòÉÔòÉÔòÉÔòÉÔòÉÔòÉÔòÉÔòÉÔòÉ
ÔòÉÔòÉÔòÉÔòÉÔòÉÔòÉÔòÉÔòÉÔòÉÔòÉÔòÉÔòÉÔòÉÔòÉÔòÉÔòÉÔòÉÔòÉÔòÉÔòÉÔòÉÔòÉÔòÉÔòÉÔòÉÔòÉÔòÉÔòÉÔòÉÔòÉÔòÉÔòÉÔòÉÔòÉÔòÉÔòÉÔòÉÔòÉÔòÉÔòÉÔòÉÔòÉÔòÉÔòÉÔòÉÔòÉÔòÉÔòÉÔòÉÔòÉÔòÉÔòÉÔòÉÔòÉÔòÉ
­ƒöì [DEBUG LOG] [DEBUG PDFRendererService] Total children across all layers: 21
ÔòÉÔòÉÔòÉÔòÉÔòÉÔòÉÔòÉÔòÉÔòÉÔòÉÔòÉÔòÉÔòÉÔòÉÔòÉÔòÉÔòÉÔòÉÔòÉÔòÉÔòÉÔòÉÔòÉÔòÉÔòÉÔòÉÔòÉÔòÉÔòÉÔòÉÔòÉÔòÉÔòÉÔòÉÔòÉÔòÉÔòÉÔòÉÔòÉÔòÉÔòÉÔòÉÔòÉÔòÉÔòÉÔòÉÔòÉÔòÉÔòÉÔòÉÔòÉÔòÉÔòÉÔòÉÔòÉ
[PROGRESS] PDF Export Progress: 100%
[PDFRendererService] Rendering page: {
  pageNumber: 2,
  elementsCount: 1,
  hasBackground: true,
  canvasSize: { width: 2480, height: 3508 },
  scale: 1
}
[PDFRendererService] Font stylesheets loaded
[PDFRendererService] Navigating to http://localhost:5000/pdf-renderer.html
[PDFRendererService] Bundle loaded successfully
[Browser Console] [PDFRenderer] About to render Stage
[Browser Console] [PDFRenderer] Component mounted, rendering with: JSHandle@object
[Browser Console] [PDFRenderer] Stage exposed globally, layers: 1
[Browser Console] [PDFRenderer] Manually created layer, stage now has 2 layers
[Browser Console] [PDFRenderer] About to render Stage
[Browser Console] [PDFRenderer] Stage exposed globally, layers: 1
[Browser Console] [PDFRenderer] Manually created layer, stage now has 2 layers
[Browser Console] [PDFRenderer] Rendering to manual layer
[Browser Console] [PDFRenderer] Rendering 1 elements
[Browser Console] [PDFRenderer] Rendered to manual layer, layer has 1 children
[Browser Console] [PDFRenderer] About to render Stage
[Browser Console] [PDFRendererService] Stage ready with 2 layers
[Browser Console] [PDFRendererService] Stage ready with 2 layers
[Browser Console] [PDFRendererService] Stage ready with 2 layers
[Browser Console] [PDFRendererService] Stage ready with 2 layers
[Browser Console] [PDFRendererService] Stage ready with 2 layers
[Browser Console] [PDFRendererService] Stage ready with 2 layers
[Browser Console] [PDFRendererService] Stage ready with 2 layers
[Browser Console] [PDFRendererService] Stage ready with 2 layers
[Browser Console] [PDFRendererService] Stage ready with 2 layers
[Browser Console] [PDFRendererService] Check 10: JSHandle@object
[Browser Console] [PDFRendererService] Stage ready with 2 layers
[Browser Console] [PDFRendererService] Stage ready with 2 layers
[PDFRendererService] Fonts loaded
[PDFRendererService] Images loaded
[PDFRendererService] Stage debug info: {
  "stageExists": true,
  "stageSize": {
    "width": 2480,
    "height": 3508
  },
  "layerCount": 2,
  "layers": [
    {
      "index": 0,
      "childrenCount": 0,
      "childrenTypes": [],
      "childrenDetails": [],
      "stageSize": {
        "width": 2480,
        "height": 3508
      },
      "layerSize": {
        "width": 2480,
        "height": 3508
      }
    },
    {
      "index": 1,
      "childrenCount": 1,
      "childrenTypes": [
        "Shape"
      ],
      "childrenDetails": [
        {
          "type": "Shape",
          "x": 0,
          "y": 0,
          "width": 2480,
          "height": 3508,
          "visible": true
        }
      ],
      "stageSize": {
        "width": 2480,
        "height": 3508
      },
      "layerSize": {
        "width": 2480,
        "height": 3508
      }
    }
  ],
  "canvasElement": "exists",
  "reactContent": {
    "hasChildren": true,
    "childrenCount": 1,
    "innerHTMLLength": 617
  },
  "renderInitiated": true,
  "renderError": null
}
ÔòÉÔòÉÔòÉÔòÉÔòÉÔòÉÔòÉÔòÉÔòÉÔòÉÔòÉÔòÉÔòÉÔòÉÔòÉÔòÉÔòÉÔòÉÔòÉÔòÉÔòÉÔòÉÔòÉÔòÉÔòÉÔòÉÔòÉÔòÉÔòÉÔòÉÔòÉÔòÉÔòÉÔòÉÔòÉÔòÉÔòÉÔòÉÔòÉÔòÉÔòÉÔòÉÔòÉÔòÉÔòÉÔòÉÔòÉÔòÉÔòÉÔòÉÔòÉÔòÉÔòÉÔòÉÔòÉ
­ƒöì [DEBUG LOG] [DEBUG PDFRendererService] Waiting for renderComplete (attempt 10): JSHandle@object
ÔòÉÔòÉÔòÉÔòÉÔòÉÔòÉÔòÉÔòÉÔòÉÔòÉÔòÉÔòÉÔòÉÔòÉÔòÉÔòÉÔòÉÔòÉÔòÉÔòÉÔòÉÔòÉÔòÉÔòÉÔòÉÔòÉÔòÉÔòÉÔòÉÔòÉÔòÉÔòÉÔòÉÔòÉÔòÉÔòÉÔòÉÔòÉÔòÉÔòÉÔòÉÔòÉÔòÉÔòÉÔòÉÔòÉÔòÉÔòÉÔòÉÔòÉÔòÉÔòÉÔòÉÔòÉÔòÉ
ÔòÉÔòÉÔòÉÔòÉÔòÉÔòÉÔòÉÔòÉÔòÉÔòÉÔòÉÔòÉÔòÉÔòÉÔòÉÔòÉÔòÉÔòÉÔòÉÔòÉÔòÉÔòÉÔòÉÔòÉÔòÉÔòÉÔòÉÔòÉÔòÉÔòÉÔòÉÔòÉÔòÉÔòÉÔòÉÔòÉÔòÉÔòÉÔòÉÔòÉÔòÉÔòÉÔòÉÔòÉÔòÉÔòÉÔòÉÔòÉÔòÉÔòÉÔòÉÔòÉÔòÉÔòÉÔòÉ
­ƒöì [DEBUG LOG] [DEBUG PDFRendererService] Waiting for renderComplete (attempt 20): JSHandle@object
ÔòÉÔòÉÔòÉÔòÉÔòÉÔòÉÔòÉÔòÉÔòÉÔòÉÔòÉÔòÉÔòÉÔòÉÔòÉÔòÉÔòÉÔòÉÔòÉÔòÉÔòÉÔòÉÔòÉÔòÉÔòÉÔòÉÔòÉÔòÉÔòÉÔòÉÔòÉÔòÉÔòÉÔòÉÔòÉÔòÉÔòÉÔòÉÔòÉÔòÉÔòÉÔòÉÔòÉÔòÉÔòÉÔòÉÔòÉÔòÉÔòÉÔòÉÔòÉÔòÉÔòÉÔòÉÔòÉ
ÔòÉÔòÉÔòÉÔòÉÔòÉÔòÉÔòÉÔòÉÔòÉÔòÉÔòÉÔòÉÔòÉÔòÉÔòÉÔòÉÔòÉÔòÉÔòÉÔòÉÔòÉÔòÉÔòÉÔòÉÔòÉÔòÉÔòÉÔòÉÔòÉÔòÉÔòÉÔòÉÔòÉÔòÉÔòÉÔòÉÔòÉÔòÉÔòÉÔòÉÔòÉÔòÉÔòÉÔòÉÔòÉÔòÉÔòÉÔòÉÔòÉÔòÉÔòÉÔòÉÔòÉÔòÉÔòÉ
­ƒöì [DEBUG LOG] [DEBUG PDFRendererService] ÔÜá´©Å USING FALLBACK - Stage has content, proceeding: JSHandle@object
ÔòÉÔòÉÔòÉÔòÉÔòÉÔòÉÔòÉÔòÉÔòÉÔòÉÔòÉÔòÉÔòÉÔòÉÔòÉÔòÉÔòÉÔòÉÔòÉÔòÉÔòÉÔòÉÔòÉÔòÉÔòÉÔòÉÔòÉÔòÉÔòÉÔòÉÔòÉÔòÉÔòÉÔòÉÔòÉÔòÉÔòÉÔòÉÔòÉÔòÉÔòÉÔòÉÔòÉÔòÉÔòÉÔòÉÔòÉÔòÉÔòÉÔòÉÔòÉÔòÉÔòÉÔòÉÔòÉ
ÔòÉÔòÉÔòÉÔòÉÔòÉÔòÉÔòÉÔòÉÔòÉÔòÉÔòÉÔòÉÔòÉÔòÉÔòÉÔòÉÔòÉÔòÉÔòÉÔòÉÔòÉÔòÉÔòÉÔòÉÔòÉÔòÉÔòÉÔòÉÔòÉÔòÉÔòÉÔòÉÔòÉÔòÉÔòÉÔòÉÔòÉÔòÉÔòÉÔòÉÔòÉÔòÉÔòÉÔòÉÔòÉÔòÉÔòÉÔòÉÔòÉÔòÉÔòÉÔòÉÔòÉÔòÉÔòÉ
­ƒöì [DEBUG LOG] [DEBUG PDFRendererService] ÔÜá´©Å TAKING SCREENSHOT - Detailed Layer Info:
ÔòÉÔòÉÔòÉÔòÉÔòÉÔòÉÔòÉÔòÉÔòÉÔòÉÔòÉÔòÉÔòÉÔòÉÔòÉÔòÉÔòÉÔòÉÔòÉÔòÉÔòÉÔòÉÔòÉÔòÉÔòÉÔòÉÔòÉÔòÉÔòÉÔòÉÔòÉÔòÉÔòÉÔòÉÔòÉÔòÉÔòÉÔòÉÔòÉÔòÉÔòÉÔòÉÔòÉÔòÉÔòÉÔòÉÔòÉÔòÉÔòÉÔòÉÔòÉÔòÉÔòÉÔòÉÔòÉ
ÔòÉÔòÉÔòÉÔòÉÔòÉÔòÉÔòÉÔòÉÔòÉÔòÉÔòÉÔòÉÔòÉÔòÉÔòÉÔòÉÔòÉÔòÉÔòÉÔòÉÔòÉÔòÉÔòÉÔòÉÔòÉÔòÉÔòÉÔòÉÔòÉÔòÉÔòÉÔòÉÔòÉÔòÉÔòÉÔòÉÔòÉÔòÉÔòÉÔòÉÔòÉÔòÉÔòÉÔòÉÔòÉÔòÉÔòÉÔòÉÔòÉÔòÉÔòÉÔòÉÔòÉÔòÉÔòÉ
­ƒöì [DEBUG LOG] [DEBUG PDFRendererService] Layer 0: JSHandle@object
ÔòÉÔòÉÔòÉÔòÉÔòÉÔòÉÔòÉÔòÉÔòÉÔòÉÔòÉÔòÉÔòÉÔòÉÔòÉÔòÉÔòÉÔòÉÔòÉÔòÉÔòÉÔòÉÔòÉÔòÉÔòÉÔòÉÔòÉÔòÉÔòÉÔòÉÔòÉÔòÉÔòÉÔòÉÔòÉÔòÉÔòÉÔòÉÔòÉÔòÉÔòÉÔòÉÔòÉÔòÉÔòÉÔòÉÔòÉÔòÉÔòÉÔòÉÔòÉÔòÉÔòÉÔòÉÔòÉ
ÔòÉÔòÉÔòÉÔòÉÔòÉÔòÉÔòÉÔòÉÔòÉÔòÉÔòÉÔòÉÔòÉÔòÉÔòÉÔòÉÔòÉÔòÉÔòÉÔòÉÔòÉÔòÉÔòÉÔòÉÔòÉÔòÉÔòÉÔòÉÔòÉÔòÉÔòÉÔòÉÔòÉÔòÉÔòÉÔòÉÔòÉÔòÉÔòÉÔòÉÔòÉÔòÉÔòÉÔòÉÔòÉÔòÉÔòÉÔòÉÔòÉÔòÉÔòÉÔòÉÔòÉÔòÉÔòÉ
­ƒöì [DEBUG LOG] [DEBUG PDFRendererService] Layer 1: JSHandle@object
ÔòÉÔòÉÔòÉÔòÉÔòÉÔòÉÔòÉÔòÉÔòÉÔòÉÔòÉÔòÉÔòÉÔòÉÔòÉÔòÉÔòÉÔòÉÔòÉÔòÉÔòÉÔòÉÔòÉÔòÉÔòÉÔòÉÔòÉÔòÉÔòÉÔòÉÔòÉÔòÉÔòÉÔòÉÔòÉÔòÉÔòÉÔòÉÔòÉÔòÉÔòÉÔòÉÔòÉÔòÉÔòÉÔòÉÔòÉÔòÉÔòÉÔòÉÔòÉÔòÉÔòÉÔòÉÔòÉ
ÔòÉÔòÉÔòÉÔòÉÔòÉÔòÉÔòÉÔòÉÔòÉÔòÉÔòÉÔòÉÔòÉÔòÉÔòÉÔòÉÔòÉÔòÉÔòÉÔòÉÔòÉÔòÉÔòÉÔòÉÔòÉÔòÉÔòÉÔòÉÔòÉÔòÉÔòÉÔòÉÔòÉÔòÉÔòÉÔòÉÔòÉÔòÉÔòÉÔòÉÔòÉÔòÉÔòÉÔòÉÔòÉÔòÉÔòÉÔòÉÔòÉÔòÉÔòÉÔòÉÔòÉÔòÉÔòÉ
­ƒöì [DEBUG LOG] [DEBUG PDFRendererService] Total children across all layers: 1
ÔòÉÔòÉÔòÉÔòÉÔòÉÔòÉÔòÉÔòÉÔòÉÔòÉÔòÉÔòÉÔòÉÔòÉÔòÉÔòÉÔòÉÔòÉÔòÉÔòÉÔòÉÔòÉÔòÉÔòÉÔòÉÔòÉÔòÉÔòÉÔòÉÔòÉÔòÉÔòÉÔòÉÔòÉÔòÉÔòÉÔòÉÔòÉÔòÉÔòÉÔòÉÔòÉÔòÉÔòÉÔòÉÔòÉÔòÉÔòÉÔòÉÔòÉÔòÉÔòÉÔòÉÔòÉÔòÉ

================================================================================
Ô£à PDF Export erfolgreich!
================================================================================

PDF gespeichert unter: C:\Users\pille\Documents\Programmieren\workspace_fb\fb_konva_new\server\uploads\pdf-exports\999\999.pdf

Bitte pr├╝fen Sie die [DEBUG] Logs oben, um Probleme zu identifizieren.

[INFO] Log-Datei w├╝rde gespeichert unter: C:\Users\pille\Documents\Programmieren\workspace_fb\fb_konva_new\server\logs\debug-pdf-export.log
[INFO] Test abgeschlossen.
